Archive member included because of file (symbol)

c:/program files (x86)/atmel/atmel toolchain/avr8 gcc/native/3.4.2.876/avr8-gnu-toolchain/bin/../lib/gcc/avr/4.7.2/../../../../avr/lib/avr5\libm.a(addsf3.o)
                              MCAL/src/i2c.o (__addsf3)
c:/program files (x86)/atmel/atmel toolchain/avr8 gcc/native/3.4.2.876/avr8-gnu-toolchain/bin/../lib/gcc/avr/4.7.2/../../../../avr/lib/avr5\libm.a(addsf3x.o)
                              c:/program files (x86)/atmel/atmel toolchain/avr8 gcc/native/3.4.2.876/avr8-gnu-toolchain/bin/../lib/gcc/avr/4.7.2/../../../../avr/lib/avr5\libm.a(addsf3.o) (__addsf3x)
c:/program files (x86)/atmel/atmel toolchain/avr8 gcc/native/3.4.2.876/avr8-gnu-toolchain/bin/../lib/gcc/avr/4.7.2/../../../../avr/lib/avr5\libm.a(divsf3.o)
                              MCAL/src/i2c.o (__divsf3)
c:/program files (x86)/atmel/atmel toolchain/avr8 gcc/native/3.4.2.876/avr8-gnu-toolchain/bin/../lib/gcc/avr/4.7.2/../../../../avr/lib/avr5\libm.a(divsf3x.o)
                              c:/program files (x86)/atmel/atmel toolchain/avr8 gcc/native/3.4.2.876/avr8-gnu-toolchain/bin/../lib/gcc/avr/4.7.2/../../../../avr/lib/avr5\libm.a(divsf3.o) (__divsf3x)
c:/program files (x86)/atmel/atmel toolchain/avr8 gcc/native/3.4.2.876/avr8-gnu-toolchain/bin/../lib/gcc/avr/4.7.2/../../../../avr/lib/avr5\libm.a(fixunssfsi.o)
                              MCAL/src/i2c.o (__fixunssfsi)
c:/program files (x86)/atmel/atmel toolchain/avr8 gcc/native/3.4.2.876/avr8-gnu-toolchain/bin/../lib/gcc/avr/4.7.2/../../../../avr/lib/avr5\libm.a(floatsisf.o)
                              MCAL/src/i2c.o (__floatunsisf)
c:/program files (x86)/atmel/atmel toolchain/avr8 gcc/native/3.4.2.876/avr8-gnu-toolchain/bin/../lib/gcc/avr/4.7.2/../../../../avr/lib/avr5\libm.a(fp_inf.o)
                              c:/program files (x86)/atmel/atmel toolchain/avr8 gcc/native/3.4.2.876/avr8-gnu-toolchain/bin/../lib/gcc/avr/4.7.2/../../../../avr/lib/avr5\libm.a(addsf3x.o) (__fp_inf)
c:/program files (x86)/atmel/atmel toolchain/avr8 gcc/native/3.4.2.876/avr8-gnu-toolchain/bin/../lib/gcc/avr/4.7.2/../../../../avr/lib/avr5\libm.a(fp_nan.o)
                              c:/program files (x86)/atmel/atmel toolchain/avr8 gcc/native/3.4.2.876/avr8-gnu-toolchain/bin/../lib/gcc/avr/4.7.2/../../../../avr/lib/avr5\libm.a(addsf3x.o) (__fp_nan)
c:/program files (x86)/atmel/atmel toolchain/avr8 gcc/native/3.4.2.876/avr8-gnu-toolchain/bin/../lib/gcc/avr/4.7.2/../../../../avr/lib/avr5\libm.a(fp_pscA.o)
                              c:/program files (x86)/atmel/atmel toolchain/avr8 gcc/native/3.4.2.876/avr8-gnu-toolchain/bin/../lib/gcc/avr/4.7.2/../../../../avr/lib/avr5\libm.a(addsf3x.o) (__fp_pscA)
c:/program files (x86)/atmel/atmel toolchain/avr8 gcc/native/3.4.2.876/avr8-gnu-toolchain/bin/../lib/gcc/avr/4.7.2/../../../../avr/lib/avr5\libm.a(fp_pscB.o)
                              c:/program files (x86)/atmel/atmel toolchain/avr8 gcc/native/3.4.2.876/avr8-gnu-toolchain/bin/../lib/gcc/avr/4.7.2/../../../../avr/lib/avr5\libm.a(addsf3x.o) (__fp_pscB)
c:/program files (x86)/atmel/atmel toolchain/avr8 gcc/native/3.4.2.876/avr8-gnu-toolchain/bin/../lib/gcc/avr/4.7.2/../../../../avr/lib/avr5\libm.a(fp_round.o)
                              c:/program files (x86)/atmel/atmel toolchain/avr8 gcc/native/3.4.2.876/avr8-gnu-toolchain/bin/../lib/gcc/avr/4.7.2/../../../../avr/lib/avr5\libm.a(addsf3.o) (__fp_round)
c:/program files (x86)/atmel/atmel toolchain/avr8 gcc/native/3.4.2.876/avr8-gnu-toolchain/bin/../lib/gcc/avr/4.7.2/../../../../avr/lib/avr5\libm.a(fp_split3.o)
                              c:/program files (x86)/atmel/atmel toolchain/avr8 gcc/native/3.4.2.876/avr8-gnu-toolchain/bin/../lib/gcc/avr/4.7.2/../../../../avr/lib/avr5\libm.a(addsf3x.o) (__fp_split3)
c:/program files (x86)/atmel/atmel toolchain/avr8 gcc/native/3.4.2.876/avr8-gnu-toolchain/bin/../lib/gcc/avr/4.7.2/../../../../avr/lib/avr5\libm.a(fp_zero.o)
                              c:/program files (x86)/atmel/atmel toolchain/avr8 gcc/native/3.4.2.876/avr8-gnu-toolchain/bin/../lib/gcc/avr/4.7.2/../../../../avr/lib/avr5\libm.a(addsf3x.o) (__fp_zero)
c:/program files (x86)/atmel/atmel toolchain/avr8 gcc/native/3.4.2.876/avr8-gnu-toolchain/bin/../lib/gcc/avr/4.7.2/../../../../avr/lib/avr5\libm.a(pow.o)
                              MCAL/src/i2c.o (pow)
c:/program files (x86)/atmel/atmel toolchain/avr8 gcc/native/3.4.2.876/avr8-gnu-toolchain/bin/../lib/gcc/avr/4.7.2/../../../../avr/lib/avr5\libm.a(exp.o)
                              c:/program files (x86)/atmel/atmel toolchain/avr8 gcc/native/3.4.2.876/avr8-gnu-toolchain/bin/../lib/gcc/avr/4.7.2/../../../../avr/lib/avr5\libm.a(pow.o) (exp)
c:/program files (x86)/atmel/atmel toolchain/avr8 gcc/native/3.4.2.876/avr8-gnu-toolchain/bin/../lib/gcc/avr/4.7.2/../../../../avr/lib/avr5\libm.a(fp_powser.o)
[...]
Memory Configuration

Name             Origin             Length             Attributes
text             0x00000000         0x00020000         xr
data             0x00800060         0x0000ffa0         rw !x
eeprom           0x00810000         0x00010000         rw !x
fuse             0x00820000         0x00000400         rw !x
lock             0x00830000         0x00000400         rw !x
signature        0x00840000         0x00000400         rw !x
user_signatures  0x00850000         0x00000400         rw !x
*default*        0x00000000         0xffffffff

Linker script and memory map

LOAD c:/program files (x86)/atmel/atmel toolchain/avr8 gcc/native/3.4.2.876/avr8-gnu-toolchain/bin/../lib/gcc/avr/4.7.2/../../../../avr/lib/avr5/crtm32.o
LOAD APP/src/keypad_task.o
LOAD APP/src/lcd_task.o
LOAD APP/src/led_task.o
LOAD APP/src/log_task.o
LOAD APP/src/main.o
LOAD APP/src/motor_task.o
LOAD APP/src/spi_interrupt.o
LOAD APP/src/terminal_main_menu.o
LOAD APP/src/terminal_task.o
LOAD APP/src/terminal_user_menu.o
LOAD ECU/src/ecu_buzzer.o
LOAD ECU/src/ecu_buzzer_Cfg.o
LOAD ECU/src/ecu_keypad.o
LOAD ECU/src/ecu_keypad_Cfg.o
LOAD ECU/src/ecu_lcd.o
LOAD ECU/src/ecu_lcd_Cfg.o
LOAD ECU/src/ecu_led.o
LOAD ECU/src/ecu_led_Cfg.o
LOAD ECU/src/external_eeprom.o
LOAD ECU/src/motor_driver.o
LOAD ECU/src/motor_driver_Cfg.o
LOAD ECU/src/rtc.o
LOAD MCAL/src/gpio.o
LOAD MCAL/src/i2c.o
LOAD MCAL/src/i2c_Cfg.o
LOAD MCAL/src/pwm2.o
LOAD MCAL/src/pwm2_Cfg.o
LOAD MCAL/src/spi.o
LOAD MCAL/src/spi_Cfg.o
LOAD MCAL/src/uart.o
LOAD MCAL/src/uart_Cfg.o
LOAD SERVICE/src/heap_1.o
LOAD SERVICE/src/list.o
LOAD SERVICE/src/port.o
LOAD SERVICE/src/queue.o
LOAD SERVICE/src/tasks.o
START GROUP
LOAD c:/program files (x86)/atmel/atmel toolchain/avr8 gcc/native/3.4.2.876/avr8-gnu-toolchain/bin/../lib/gcc/avr/4.7.2/../../../../avr/lib/avr5\libm.a
END GROUP
LOAD c:/program files (x86)/atmel/atmel toolchain/avr8 gcc/native/3.4.2.876/avr8-gnu-toolchain/bin/../lib/gcc/avr/4.7.2/avr5\libgcc.a
LOAD c:/program files (x86)/atmel/atmel toolchain/avr8 gcc/native/3.4.2.876/avr8-gnu-toolchain/bin/../lib/gcc/avr/4.7.2/../../../../avr/lib/avr5\libc.a
LOAD c:/program files (x86)/atmel/atmel toolchain/avr8 gcc/native/3.4.2.876/avr8-gnu-toolchain/bin/../lib/gcc/avr/4.7.2/avr5\libgcc.a

.hash
 *(.hash)

.dynsym
 *(.dynsym)

.dynstr
 *(.dynstr)

.gnu.version
 *(.gnu.version)

.gnu.version_d
 *(.gnu.version_d)

.gnu.version_r
 *(.gnu.version_r)

.rel.init
 *(.rel.init)

.rela.init
 *(.rela.init)

.rel.text
 *(.rel.text)
 *(.rel.text.*)
 *(.rel.gnu.linkonce.t*)

.rela.text
 *(.rela.text)
 *(.rela.text.*)
 *(.rela.gnu.linkonce.t*)

.rel.fini
 *(.rel.fini)

.rela.fini
 *(.rela.fini)

.rel.rodata
 *(.rel.rodata)
 *(.rel.rodata.*)
 *(.rel.gnu.linkonce.r*)

.rela.rodata
 *(.rela.rodata)
 *(.rela.rodata.*)
 *(.rela.gnu.linkonce.r*)

.rel.data
 *(.rel.data)
 *(.rel.data.*)
 *(.rel.gnu.linkonce.d*)

.rela.data
 *(.rela.data)
 *(.rela.data.*)
 *(.rela.gnu.linkonce.d*)

.rel.ctors
 *(.rel.ctors)

.rela.ctors
 *(.rela.ctors)

.rel.dtors
 *(.rel.dtors)

.rela.dtors
 *(.rela.dtors)

.rel.got
 *(.rel.got)

.rela.got
 *(.rela.got)

.rel.bss
 *(.rel.bss)

.rela.bss
 *(.rela.bss)

.rel.plt
 *(.rel.plt)

.rela.plt
 *(.rela.plt)

.text           0x00000000     0x6c14
 *(.vectors)
 .vectors       0x00000000       0x54 c:/program files (x86)/atmel/atmel toolchain/avr8 gcc/native/3.4.2.876/avr8-gnu-toolchain/bin/../lib/gcc/avr/4.7.2/../../../../avr/lib/avr5/crtm32.o
                0x00000000                __vector_default
                0x00000000                __vectors
 *(.vectors)
 *(.progmem.gcc*)
 .progmem.gcc_fplib
                0x00000054       0x28 c:/program files (x86)/atmel/atmel toolchain/avr8 gcc/native/3.4.2.876/avr8-gnu-toolchain/bin/../lib/gcc/avr/4.7.2/../../../../avr/lib/avr5\libm.a(exp.o)
 .progmem.gcc_fplib
                0x0000007c       0x5a c:/program files (x86)/atmel/atmel toolchain/avr8 gcc/native/3.4.2.876/avr8-gnu-toolchain/bin/../lib/gcc/avr/4.7.2/../../../../avr/lib/avr5\libm.a(log.o)
 *(.progmem*)
 .progmem.data  0x000000d6       0x35 APP/src/log_task.o
 .progmem.data  0x0000010b       0x2c APP/src/main.o
 .progmem.data  0x00000137      0x175 APP/src/terminal_main_menu.o
 .progmem.data  0x000002ac      0x2af APP/src/terminal_task.o
 .progmem.data  0x0000055b      0x4ad APP/src/terminal_user_menu.o
                0x00000a08                . = ALIGN (0x2)
                0x00000a08                __trampolines_start = .
 *(.trampolines)
 .trampolines   0x00000a08        0x0 linker stubs
 *(.trampolines*)
                0x00000a08                __trampolines_end = .
 *(.jumptables)
 *(.jumptables*)
 *(.lowtext)
 *(.lowtext*)
                0x00000a08                __ctors_start = .
 *(.ctors)
                0x00000a08                __ctors_end = .
                0x00000a08                __dtors_start = .
 *(.dtors)
                0x00000a08                __dtors_end = .
 SORT(*)(.ctors)
 SORT(*)(.dtors)
 *(.init0)
 .init0         0x00000a08        0x0 c:/program files (x86)/atmel/atmel toolchain/avr8 gcc/native/3.4.2.876/avr8-gnu-toolchain/bin/../lib/gcc/avr/4.7.2/../../../../avr/lib/avr5/crtm32.o
                0x00000a08                __init
 *(.init0)
 *(.init1)
 *(.init1)
 *(.init2)
 .init2         0x00000a08        0xc c:/program files (x86)/atmel/atmel toolchain/avr8 gcc/native/3.4.2.876/avr8-gnu-toolchain/bin/../lib/gcc/avr/4.7.2/../../../../avr/lib/avr5/crtm32.o
 *(.init2)
 *(.init3)
 *(.init3)
 *(.init4)
 .init4         0x00000a14       0x16 c:/program files (x86)/atmel/atmel toolchain/avr8 gcc/native/3.4.2.876/avr8-gnu-toolchain/bin/../lib/gcc/avr/4.7.2/avr5\libgcc.a(_copy_data.o)
                0x00000a14                __do_copy_data
 .init4         0x00000a2a       0x10 c:/program files (x86)/atmel/atmel toolchain/avr8 gcc/native/3.4.2.876/avr8-gnu-toolchain/bin/../lib/gcc/avr/4.7.2/avr5\libgcc.a(_clear_bss.o)
                0x00000a2a                __do_clear_bss
 *(.init4)
 *(.init5)
 *(.init5)
 *(.init6)
 *(.init6)
 *(.init7)
 *(.init7)
 *(.init8)
 *(.init8)
 *(.init9)
 .init9         0x00000a3a        0x8 c:/program files (x86)/atmel/atmel toolchain/avr8 gcc/native/3.4.2.876/avr8-gnu-toolchain/bin/../lib/gcc/avr/4.7.2/../../../../avr/lib/avr5/crtm32.o
 *(.init9)
 *(.text)
 .text          0x00000a42        0x4 c:/program files (x86)/atmel/atmel toolchain/avr8 gcc/native/3.4.2.876/avr8-gnu-toolchain/bin/../lib/gcc/avr/4.7.2/../../../../avr/lib/avr5/crtm32.o
                0x00000a42                __vector_1
                0x00000a42                __bad_interrupt
                0x00000a42                __vector_6
                0x00000a42                __vector_3
                0x00000a42                __vector_11
                0x00000a42                __vector_17
                0x00000a42                __vector_5
                0x00000a42                __vector_4
                0x00000a42                __vector_9
                0x00000a42                __vector_2
                0x00000a42                __vector_8
                0x00000a42                __vector_10
                0x00000a42                __vector_16
                0x00000a42                __vector_18
                0x00000a42                __vector_20
                0x00000a46                . = ALIGN (0x2)
 *(.text.*)
 .text.vkeypad_task
                0x00000a46       0x4c APP/src/keypad_task.o
                0x00000a46                vkeypad_task
 .text.vkeypad_task_q_set
                0x00000a92        0xa APP/src/keypad_task.o
                0x00000a92                vkeypad_task_q_set
 .text.xkeypad_task_q_get
                0x00000a9c        0xa APP/src/keypad_task.o
                0x00000a9c                xkeypad_task_q_get
 .text.vlcd_task
                0x00000aa6      0x350 APP/src/lcd_task.o
                0x00000aa6                vlcd_task
 .text.vlcd_task_resume_semaphore_set
                0x00000df6        0xa APP/src/lcd_task.o
                0x00000df6                vlcd_task_resume_semaphore_set
 .text.xlcd_task_resume_semaphore_get
                0x00000e00        0xa APP/src/lcd_task.o
                0x00000e00                xlcd_task_resume_semaphore_get
 .text.xlcd_task_get_state
                0x00000e0a        0x6 APP/src/lcd_task.o
                0x00000e0a                xlcd_task_get_state
 .text.vled_task
                0x00000e10       0xb2 APP/src/led_task.o
                0x00000e10                vled_task
 .text.vLed_task_q_set
                0x00000ec2        0xa APP/src/led_task.o
                0x00000ec2                vLed_task_q_set
 .text.xLed_task_q_get
                0x00000ecc        0xa APP/src/led_task.o
                0x00000ecc                xLed_task_q_get
 .text.send_time
                0x00000ed6      0x10c APP/src/log_task.o
 .text.vLog_task
                0x00000fe2      0x102 APP/src/log_task.o
                0x00000fe2                vLog_task
 .text.vLog_task_q_set
                0x000010e4        0xa APP/src/log_task.o
                0x000010e4                vLog_task_q_set
 .text.xLog_task_q_get
                0x000010ee        0xa APP/src/log_task.o
                0x000010ee                xLog_task_q_get
 .text.main     0x000010f8      0x15a APP/src/main.o
                0x000010f8                main
 .text.vMotor_task
                0x00001252       0x7e APP/src/motor_task.o
                0x00001252                vMotor_task
 .text.vMotor_task_q_set
                0x000012d0        0xa APP/src/motor_task.o
                0x000012d0                vMotor_task_q_set
 .text.xMotor_task_q_get
                0x000012da        0xa APP/src/motor_task.o
                0x000012da                xMotor_task_q_get
 .text.xGet_garage_task_state
                0x000012e4        0x6 APP/src/motor_task.o
                0x000012e4                xGet_garage_task_state
 .text.spi_interrupt
                0x000012ea       0x46 APP/src/spi_interrupt.o
                0x000012ea                spi_interrupt
 .text.unlock_system
                0x00001330       0x86 APP/src/terminal_main_menu.o
                0x00001330                unlock_system
 .text.open_garage
                0x000013b6       0xe6 APP/src/terminal_main_menu.o
                0x000013b6                open_garage
 .text.close_garage
                0x0000149c       0xe4 APP/src/terminal_main_menu.o
                0x0000149c                close_garage
 .text.set_time
                0x00001580      0x3d2 APP/src/terminal_main_menu.o
                0x00001580                set_time
 .text.get_user_input
                0x00001952       0x1a APP/src/terminal_task.o
 .text.u8Get_input_buffer
                0x0000196c       0x98 APP/src/terminal_task.o
 .text.invalid_password_print
                0x00001a04       0x62 APP/src/terminal_task.o
 .text.vMenu_users_options_print
                0x00001a66       0x88 APP/src/terminal_task.o
 .text.menu_users_choose
                0x00001aee       0x46 APP/src/terminal_task.o
 .text.u8Get_user_password
                0x00001b34       0xb8 APP/src/terminal_task.o
 .text.vTerminal_task_q_set
                0x00001bec        0xa APP/src/terminal_task.o
                0x00001bec                vTerminal_task_q_set
 .text.rx_complete_isr_func
                0x00001bf6       0x2e APP/src/terminal_task.o
                0x00001bf6                rx_complete_isr_func
 .text.get_u8   0x00001c24       0x90 APP/src/terminal_task.o
                0x00001c24                get_u8
 .text.get_user_name
                0x00001cb4       0x4a APP/src/terminal_task.o
                0x00001cb4                get_user_name
 .text.u8Get_user_password_arr
                0x00001cfe       0x4c APP/src/terminal_task.o
                0x00001cfe                u8Get_user_password_arr
 .text.vTerminal_task
                0x00001d4a      0x5c0 APP/src/terminal_task.o
                0x00001d4a                vTerminal_task
 .text.vSet_terminal_task_state
                0x0000230a        0x6 APP/src/terminal_task.o
                0x0000230a                vSet_terminal_task_state
 .text.list_users
                0x00002310      0x1b6 APP/src/terminal_user_menu.o
                0x00002310                list_users
 .text.add_users
                0x000024c6      0x2cc APP/src/terminal_user_menu.o
                0x000024c6                add_users
 .text.edit_users
                0x00002792      0x4aa APP/src/terminal_user_menu.o
                0x00002792                edit_users
 .text.delete_users
                0x00002c3c      0x188 APP/src/terminal_user_menu.o
                0x00002c3c                delete_users
 .text.factory_reset
                0x00002dc4       0x48 APP/src/terminal_user_menu.o
                0x00002dc4                factory_reset
 .text.vEcu_Buzzer_init
                0x00002e0c       0x34 ECU/src/ecu_buzzer.o
                0x00002e0c                vEcu_Buzzer_init
 .text.vEcu_Buzzer_stop
                0x00002e40        0xa ECU/src/ecu_buzzer.o
                0x00002e40                vEcu_Buzzer_stop
 .text.vEcu_Buzzer_toggle
                0x00002e4a       0x40 ECU/src/ecu_buzzer.o
                0x00002e4a                vEcu_Buzzer_toggle
 .text.vEcu_KeypadInit
                0x00002e8a       0x66 ECU/src/ecu_keypad.o
                0x00002e8a                vEcu_KeypadInit
 .text.ucEcu_KeypadScan
                0x00002ef0      0x1e2 ECU/src/ecu_keypad.o
                0x00002ef0                ucEcu_KeypadScan
 .text.ucEcu_KeypadScanState
                0x000030d2       0xb0 ECU/src/ecu_keypad.o
                0x000030d2                ucEcu_KeypadScanState
 .text.SvLatch_data
                0x00003182       0x6a ECU/src/ecu_lcd.o
 .text.SvLcdSend
                0x000031ec      0x2ca ECU/src/ecu_lcd.o
 .text.vEcu_LcdInit
                0x000034b6       0x96 ECU/src/ecu_lcd.o
                0x000034b6                vEcu_LcdInit
 .text.vEcu_LcdSendChar
                0x0000354c        0xa ECU/src/ecu_lcd.o
                0x0000354c                vEcu_LcdSendChar
 .text.u8Ecu_LcdSendString
                0x00003556       0x30 ECU/src/ecu_lcd.o
                0x00003556                u8Ecu_LcdSendString
 .text.vEcu_LcdSendCmd
                0x00003586        0xa ECU/src/ecu_lcd.o
                0x00003586                vEcu_LcdSendCmd
 .text.vEcu_LcdClearDisplay
                0x00003590       0x1c ECU/src/ecu_lcd.o
                0x00003590                vEcu_LcdClearDisplay
 .text.u8Ecu_LcdGoToXy
                0x000035ac       0x36 ECU/src/ecu_lcd.o
                0x000035ac                u8Ecu_LcdGoToXy
 .text.vEcu_LcdSendPassword
                0x000035e2       0x66 ECU/src/ecu_lcd.o
                0x000035e2                vEcu_LcdSendPassword
 .text.vEcu_LcdRemovePassword
                0x00003648       0x14 ECU/src/ecu_lcd.o
                0x00003648                vEcu_LcdRemovePassword
 .text.vEcu_led_init
                0x0000365c       0x34 ECU/src/ecu_led.o
                0x0000365c                vEcu_led_init
 .text.vEcu_set_led_on
                0x00003690        0xc ECU/src/ecu_led.o
                0x00003690                vEcu_set_led_on
 .text.vEcu_set_led_off
                0x0000369c        0xa ECU/src/ecu_led.o
                0x0000369c                vEcu_set_led_off
 .text.vEcu_toggle_led
                0x000036a6       0x40 ECU/src/ecu_led.o
                0x000036a6                vEcu_toggle_led
 .text.vExternal_EEPROM_Write
                0x000036e6       0x8c ECU/src/external_eeprom.o
                0x000036e6                vExternal_EEPROM_Write
 .text.vExternal_EEPROM_Read
                0x00003772       0xb0 ECU/src/external_eeprom.o
                0x00003772                vExternal_EEPROM_Read
 .text.u8Get_current_MCB_number
                0x00003822       0x40 ECU/src/external_eeprom.o
                0x00003822                u8Get_current_MCB_number
 .text.vGet_current_MCB
                0x00003862       0x76 ECU/src/external_eeprom.o
                0x00003862                vGet_current_MCB
 .text.vSet_current_MCB_number
                0x000038d8       0x34 ECU/src/external_eeprom.o
                0x000038d8                vSet_current_MCB_number
 .text.vSet_current_MCB
                0x0000390c       0xae ECU/src/external_eeprom.o
                0x0000390c                vSet_current_MCB
 .text.add_user_in_mcb
                0x000039ba       0x6c ECU/src/external_eeprom.o
 .text.vEXTERNAL_EEPROM_set_user
                0x00003a26       0xb6 ECU/src/external_eeprom.o
                0x00003a26                vEXTERNAL_EEPROM_set_user
 .text.u8Init_MCB
                0x00003adc       0x82 ECU/src/external_eeprom.o
                0x00003adc                u8Init_MCB
 .text.vEXTERNAL_EEPROM_get_user
                0x00003b5e       0x60 ECU/src/external_eeprom.o
                0x00003b5e                vEXTERNAL_EEPROM_get_user
 .text.u8EXTERNAL_EEPROM_search_by_name
                0x00003bbe       0xc0 ECU/src/external_eeprom.o
                0x00003bbe                u8EXTERNAL_EEPROM_search_by_name
 .text.u8EXTERNAL_EEPROM_search_by_password
                0x00003c7e      0x132 ECU/src/external_eeprom.o
                0x00003c7e                u8EXTERNAL_EEPROM_search_by_password
 .text.u8EXTERNAL_EEPROM_add_new_user
                0x00003db0       0xb8 ECU/src/external_eeprom.o
                0x00003db0                u8EXTERNAL_EEPROM_add_new_user
 .text.vEXTERNAL_EEPROM_delete_user
                0x00003e68       0x7a ECU/src/external_eeprom.o
                0x00003e68                vEXTERNAL_EEPROM_delete_user
 .text.u8EXTERNAL_EEPROM_search_user_byID
                0x00003ee2       0x8a ECU/src/external_eeprom.o
                0x00003ee2                u8EXTERNAL_EEPROM_search_user_byID
 .text.vEXTERNAL_EEPROM_edit_user
                0x00003f6c       0x20 ECU/src/external_eeprom.o
                0x00003f6c                vEXTERNAL_EEPROM_edit_user
 .text.vEXTERNAL_EEPROM_reset
                0x00003f8c       0x44 ECU/src/external_eeprom.o
                0x00003f8c                vEXTERNAL_EEPROM_reset
 .text.vEXTERNAL_EEPROM_lock_state
                0x00003fd0       0x26 ECU/src/external_eeprom.o
                0x00003fd0                vEXTERNAL_EEPROM_lock_state
 .text.vEXTERNAL_EEPROM_unlock_state
                0x00003ff6       0x26 ECU/src/external_eeprom.o
                0x00003ff6                vEXTERNAL_EEPROM_unlock_state
 .text.vMotor_driver_init
                0x0000401c       0x78 ECU/src/motor_driver.o
                0x0000401c                vMotor_driver_init
 .text.vMotor_driver_rotate
                0x00004094       0xa0 ECU/src/motor_driver.o
                0x00004094                vMotor_driver_rotate
 .text.u8Rtc_Get_Time
                0x00004134       0x7c ECU/src/rtc.o
                0x00004134                u8Rtc_Get_Time
 .text.u8Rtc_Set_Time
                0x000041b0       0x66 ECU/src/rtc.o
                0x000041b0                u8Rtc_Set_Time
 .text.u8Rtc_Set_reg
                0x00004216       0x2c ECU/src/rtc.o
                0x00004216                u8Rtc_Set_reg
 .text.u8Rtc_get_reg
                0x00004242       0x3e ECU/src/rtc.o
                0x00004242                u8Rtc_get_reg
 .text.u8Rtc_Set_format
                0x00004280      0x13c ECU/src/rtc.o
                0x00004280                u8Rtc_Set_format
 .text.vGpio_Init
                0x000043bc      0x20e MCAL/src/gpio.o
                0x000043bc                vGpio_Init
 .text.vGpio_Write
                0x000045ca       0xe6 MCAL/src/gpio.o
                0x000045ca                vGpio_Write
 .text.Gpio_Read
                0x000046b0       0xc0 MCAL/src/gpio.o
                0x000046b0                Gpio_Read
 .text.i2c_send
                0x00004770        0xe MCAL/src/i2c.o
 .text.u8I2c_Init
                0x0000477e       0xf0 MCAL/src/i2c.o
                0x0000477e                u8I2c_Init
 .text.__vector_19
                0x0000486e       0x52 MCAL/src/i2c.o
                0x0000486e                __vector_19
 .text.u8I2c_Start
                0x000048c0       0x1a MCAL/src/i2c.o
                0x000048c0                u8I2c_Start
 .text.u8I2c_Send_Address
                0x000048da       0x38 MCAL/src/i2c.o
                0x000048da                u8I2c_Send_Address
 .text.u8I2c_Send_Data
                0x00004912       0x14 MCAL/src/i2c.o
                0x00004912                u8I2c_Send_Data
 .text.vI2c_Stop
                0x00004926        0x6 MCAL/src/i2c.o
                0x00004926                vI2c_Stop
 .text.u8I2c_Restart
                0x0000492c       0x1a MCAL/src/i2c.o
                0x0000492c                u8I2c_Restart
 .text.u8I2c_Read_Data
                0x00004946       0x7a MCAL/src/i2c.o
                0x00004946                u8I2c_Read_Data
 .text.u8I2c_Send_Stream
                0x000049c0       0x4a MCAL/src/i2c.o
                0x000049c0                u8I2c_Send_Stream
 .text.set_prescaler2
                0x00004a0a       0xbc MCAL/src/pwm2.o
 .text.vPwm2_set_duty
                0x00004ac6       0x22 MCAL/src/pwm2.o
                0x00004ac6                vPwm2_set_duty
 .text.vPwm2_Init
                0x00004ae8       0x9a MCAL/src/pwm2.o
                0x00004ae8                vPwm2_Init
 .text.vPwm2_stop
                0x00004b82        0x8 MCAL/src/pwm2.o
                0x00004b82                vPwm2_stop
 .text.vPwm2_restart
                0x00004b8a        0xa MCAL/src/pwm2.o
                0x00004b8a                vPwm2_restart
 .text.vSpi_init
                0x00004b94       0xe0 MCAL/src/spi.o
                0x00004b94                vSpi_init
 .text.__vector_12
                0x00004c74       0x52 MCAL/src/spi.o
                0x00004c74                __vector_12
 .text.vUartInit
                0x00004cc6      0x168 MCAL/src/uart.o
                0x00004cc6                vUartInit
 .text.__vector_13
                0x00004e2e       0x52 MCAL/src/uart.o
                0x00004e2e                __vector_13
 .text.__vector_15
                0x00004e80       0x52 MCAL/src/uart.o
                0x00004e80                __vector_15
 .text.__vector_14
                0x00004ed2       0x52 MCAL/src/uart.o
                0x00004ed2                __vector_14
 .text.vUartTransmit
                0x00004f24        0x8 MCAL/src/uart.o
                0x00004f24                vUartTransmit
 .text.vUartTransmitString_program
                0x00004f2c       0x28 MCAL/src/uart.o
                0x00004f2c                vUartTransmitString_program
 .text.pvPortMalloc
                0x00004f54       0x6c SERVICE/src/heap_1.o
                0x00004f54                pvPortMalloc
 .text.vPortFree
                0x00004fc0        0x2 SERVICE/src/heap_1.o
                0x00004fc0                vPortFree
 .text.vListInitialise
                0x00004fc2       0x1c SERVICE/src/list.o
                0x00004fc2                vListInitialise
 .text.vListInitialiseItem
                0x00004fde        0x8 SERVICE/src/list.o
                0x00004fde                vListInitialiseItem
 .text.vListInsertEnd
                0x00004fe6       0x42 SERVICE/src/list.o
                0x00004fe6                vListInsertEnd
 .text.vListInsert
                0x00005028       0x62 SERVICE/src/list.o
                0x00005028                vListInsert
 .text.uxListRemove
                0x0000508a       0x4e SERVICE/src/list.o
                0x0000508a                uxListRemove
 .text.pxPortInitialiseStack
                0x000050d8      0x128 SERVICE/src/port.o
                0x000050d8                pxPortInitialiseStack
 .text.xPortStartScheduler
                0x00005200       0x6a SERVICE/src/port.o
                0x00005200                xPortStartScheduler
 .text.vPortYield
                0x0000526a       0xb2 SERVICE/src/port.o
                0x0000526a                vPortYield
 .text.vPortYieldFromTick
                0x0000531c       0xb8 SERVICE/src/port.o
                0x0000531c                vPortYieldFromTick
 .text.__vector_7
                0x000053d4        0x6 SERVICE/src/port.o
                0x000053d4                __vector_7
 .text.prvIsQueueEmpty
                0x000053da       0x16 SERVICE/src/queue.o
 .text.prvCopyDataFromQueue
                0x000053f0       0x36 SERVICE/src/queue.o
 .text.prvUnlockQueue
                0x00005426       0x8c SERVICE/src/queue.o
 .text.prvCopyDataToQueue
                0x000054b2       0xbe SERVICE/src/queue.o
 .text.xQueueGenericReset
                0x00005570       0x8c SERVICE/src/queue.o
                0x00005570                xQueueGenericReset
 .text.xQueueGenericCreate
                0x000055fc       0x60 SERVICE/src/queue.o
                0x000055fc                xQueueGenericCreate
 .text.xQueueGenericSend
                0x0000565c      0x144 SERVICE/src/queue.o
                0x0000565c                xQueueGenericSend
 .text.xQueueCreateMutex
                0x000057a0       0x36 SERVICE/src/queue.o
                0x000057a0                xQueueCreateMutex
 .text.xQueueGenericSendFromISR
                0x000057d6       0x6c SERVICE/src/queue.o
                0x000057d6                xQueueGenericSendFromISR
 .text.xQueueReceive
                0x00005842      0x132 SERVICE/src/queue.o
                0x00005842                xQueueReceive
 .text.xQueueSemaphoreTake
                0x00005974      0x19a SERVICE/src/queue.o
                0x00005974                xQueueSemaphoreTake
 .text.prvResetNextTaskUnblockTime
                0x00005b0e       0x3e SERVICE/src/tasks.o
 .text.prvIdleTask
                0x00005b4c       0x10 SERVICE/src/tasks.o
 .text.prvAddCurrentTaskToDelayedList
                0x00005b5c       0x88 SERVICE/src/tasks.o
 .text.xTaskCreate
                0x00005be4      0x216 SERVICE/src/tasks.o
                0x00005be4                xTaskCreate
 .text.vTaskStartScheduler
                0x00005dfa       0x54 SERVICE/src/tasks.o
                0x00005dfa                vTaskStartScheduler
 .text.vTaskSuspendAll
                0x00005e4e        0xc SERVICE/src/tasks.o
                0x00005e4e                vTaskSuspendAll
 .text.xTaskIncrementTick
                0x00005e5a      0x17a SERVICE/src/tasks.o
                0x00005e5a                xTaskIncrementTick
 .text.xTaskResumeAll
                0x00005fd4       0xfc SERVICE/src/tasks.o
                0x00005fd4                xTaskResumeAll
 .text.vTaskDelay
                0x000060d0       0x28 SERVICE/src/tasks.o
                0x000060d0                vTaskDelay
 .text.vTaskSwitchContext
                0x000060f8       0xb0 SERVICE/src/tasks.o
                0x000060f8                vTaskSwitchContext
 .text.vTaskPlaceOnEventList
                0x000061a8       0x24 SERVICE/src/tasks.o
                0x000061a8                vTaskPlaceOnEventList
 .text.xTaskRemoveFromEventList
                0x000061cc       0x92 SERVICE/src/tasks.o
                0x000061cc                xTaskRemoveFromEventList
 .text.vTaskInternalSetTimeOutState
                0x0000625e       0x16 SERVICE/src/tasks.o
                0x0000625e                vTaskInternalSetTimeOutState
 .text.xTaskCheckForTimeOut
                0x00006274       0x58 SERVICE/src/tasks.o
                0x00006274                xTaskCheckForTimeOut
 .text.vTaskMissedYield
                0x000062cc        0x8 SERVICE/src/tasks.o
                0x000062cc                vTaskMissedYield
 .text.xTaskPriorityInherit
                0x000062d4       0xda SERVICE/src/tasks.o
                0x000062d4                xTaskPriorityInherit
 .text.xTaskPriorityDisinherit
                0x000063ae       0x7e SERVICE/src/tasks.o
                0x000063ae                xTaskPriorityDisinherit
 .text.vTaskPriorityDisinheritAfterTimeout
                0x0000642c       0x9e SERVICE/src/tasks.o
                0x0000642c                vTaskPriorityDisinheritAfterTimeout
 .text.pvTaskIncrementMutexHeldCount
                0x000064ca       0x28 SERVICE/src/tasks.o
                0x000064ca                pvTaskIncrementMutexHeldCount
 .text.avr-libc.fplib
                0x000064f2        0xa c:/program files (x86)/atmel/atmel toolchain/avr8 gcc/native/3.4.2.876/avr8-gnu-toolchain/bin/../lib/gcc/avr/4.7.2/../../../../avr/lib/avr5\libm.a(addsf3.o)
                0x000064f2                __subsf3
                0x000064f4                __addsf3
 .text.avr-libc.fplib
                0x000064fc       0xc0 c:/program files (x86)/atmel/atmel toolchain/avr8 gcc/native/3.4.2.876/avr8-gnu-toolchain/bin/../lib/gcc/avr/4.7.2/../../../../avr/lib/avr5\libm.a(addsf3x.o)
                0x00006516                __addsf3x
 .text.avr-libc.fplib
                0x000065bc        0x4 c:/program files (x86)/atmel/atmel toolchain/avr8 gcc/native/3.4.2.876/avr8-gnu-toolchain/bin/../lib/gcc/avr/4.7.2/../../../../avr/lib/avr5\libm.a(divsf3.o)
                0x000065bc                __divsf3
 .text.avr-libc.fplib
                0x000065c0       0xcc c:/program files (x86)/atmel/atmel toolchain/avr8 gcc/native/3.4.2.876/avr8-gnu-toolchain/bin/../lib/gcc/avr/4.7.2/../../../../avr/lib/avr5\libm.a(divsf3x.o)
                0x000065d6                __divsf3x
                0x000065da                __divsf3_pse
 .text.avr-libc.fplib
                0x0000668c       0x58 c:/program files (x86)/atmel/atmel toolchain/avr8 gcc/native/3.4.2.876/avr8-gnu-toolchain/bin/../lib/gcc/avr/4.7.2/../../../../avr/lib/avr5\libm.a(fixunssfsi.o)
                0x0000668c                __fixunssfsi
 .text.avr-libc.fplib
                0x000066e4       0x7a c:/program files (x86)/atmel/atmel toolchain/avr8 gcc/native/3.4.2.876/avr8-gnu-toolchain/bin/../lib/gcc/avr/4.7.2/../../../../avr/lib/avr5\libm.a(floatsisf.o)
                0x000066e4                __floatunsisf
                0x000066e8                __floatsisf
 .text.avr-libc.fplib
                0x0000675e        0xc c:/program files (x86)/atmel/atmel toolchain/avr8 gcc/native/3.4.2.876/avr8-gnu-toolchain/bin/../lib/gcc/avr/4.7.2/../../../../avr/lib/avr5\libm.a(fp_inf.o)
                0x0000675e                __fp_inf
 .text.avr-libc.fplib
                0x0000676a        0x6 c:/program files (x86)/atmel/atmel toolchain/avr8 gcc/native/3.4.2.876/avr8-gnu-toolchain/bin/../lib/gcc/avr/4.7.2/../../../../avr/lib/avr5\libm.a(fp_nan.o)
                0x0000676a                __fp_nan
 .text.avr-libc.fplib
                0x00006770        0xe c:/program files (x86)/atmel/atmel toolchain/avr8 gcc/native/3.4.2.876/avr8-gnu-toolchain/bin/../lib/gcc/avr/4.7.2/../../../../avr/lib/avr5\libm.a(fp_pscA.o)
                0x00006770                __fp_pscA
 .text.avr-libc.fplib
                0x0000677e        0xe c:/program files (x86)/atmel/atmel toolchain/avr8 gcc/native/3.4.2.876/avr8-gnu-toolchain/bin/../lib/gcc/avr/4.7.2/../../../../avr/lib/avr5\libm.a(fp_pscB.o)
                0x0000677e                __fp_pscB
 .text.avr-libc.fplib
                0x0000678c       0x22 c:/program files (x86)/atmel/atmel toolchain/avr8 gcc/native/3.4.2.876/avr8-gnu-toolchain/bin/../lib/gcc/avr/4.7.2/../../../../avr/lib/avr5\libm.a(fp_round.o)
                0x0000678c                __fp_round
 .text.avr-libc.fplib
                0x000067ae       0x44 c:/program files (x86)/atmel/atmel toolchain/avr8 gcc/native/3.4.2.876/avr8-gnu-toolchain/bin/../lib/gcc/avr/4.7.2/../../../../avr/lib/avr5\libm.a(fp_split3.o)
                0x000067ae                __fp_split3
                0x000067be                __fp_splitA
 .text.avr-libc.fplib
                0x000067f2        0xe c:/program files (x86)/atmel/atmel toolchain/avr8 gcc/native/3.4.2.876/avr8-gnu-toolchain/bin/../lib/gcc/avr/4.7.2/../../../../avr/lib/avr5\libm.a(fp_zero.o)
                0x000067f2                __fp_zero
                0x000067f4                __fp_szero
 .text.avr-libc.fplib
                0x00006800       0x98 c:/program files (x86)/atmel/atmel toolchain/avr8 gcc/native/3.4.2.876/avr8-gnu-toolchain/bin/../lib/gcc/avr/4.7.2/../../../../avr/lib/avr5\libm.a(pow.o)
                0x00006800                pow
 .text.avr-libc.fplib
                0x00006898       0x62 c:/program files (x86)/atmel/atmel toolchain/avr8 gcc/native/3.4.2.876/avr8-gnu-toolchain/bin/../lib/gcc/avr/4.7.2/../../../../avr/lib/avr5\libm.a(exp.o)
                0x000068a2                exp
 .text.avr-libc.fplib
                0x000068fa       0x4a c:/program files (x86)/atmel/atmel toolchain/avr8 gcc/native/3.4.2.876/avr8-gnu-toolchain/bin/../lib/gcc/avr/4.7.2/../../../../avr/lib/avr5\libm.a(fp_powser.o)
                0x000068fa                __fp_powser
 .text.avr-libc.fplib
                0x00006944        0xe c:/program files (x86)/atmel/atmel toolchain/avr8 gcc/native/3.4.2.876/avr8-gnu-toolchain/bin/../lib/gcc/avr/4.7.2/../../../../avr/lib/avr5\libm.a(inverse.o)
                0x00006944                inverse
 .text.avr-libc.fplib
                0x00006952       0x6c c:/program files (x86)/atmel/atmel toolchain/avr8 gcc/native/3.4.2.876/avr8-gnu-toolchain/bin/../lib/gcc/avr/4.7.2/../../../../avr/lib/avr5\libm.a(ldexp.o)
                0x00006956                ldexp
 .text.avr-libc.fplib
                0x000069be       0x8a c:/program files (x86)/atmel/atmel toolchain/avr8 gcc/native/3.4.2.876/avr8-gnu-toolchain/bin/../lib/gcc/avr/4.7.2/../../../../avr/lib/avr5\libm.a(log.o)
                0x000069c8                log
 .text.avr-libc.fplib
                0x00006a48       0x66 c:/program files (x86)/atmel/atmel toolchain/avr8 gcc/native/3.4.2.876/avr8-gnu-toolchain/bin/../lib/gcc/avr/4.7.2/../../../../avr/lib/avr5\libm.a(modf.o)
                0x00006a48                modf
                0x00006a48                modff
 .text.avr-libc.fplib
                0x00006aae        0x4 c:/program files (x86)/atmel/atmel toolchain/avr8 gcc/native/3.4.2.876/avr8-gnu-toolchain/bin/../lib/gcc/avr/4.7.2/../../../../avr/lib/avr5\libm.a(mulsf3.o)
                0x00006aae                __mulsf3
 .text.avr-libc.fplib
                0x00006ab2       0xc2 c:/program files (x86)/atmel/atmel toolchain/avr8 gcc/native/3.4.2.876/avr8-gnu-toolchain/bin/../lib/gcc/avr/4.7.2/../../../../avr/lib/avr5\libm.a(mulsf3x.o)
                0x00006ac6                __mulsf3x
                0x00006aca                __mulsf3_pse
 .text.avr-libc.fplib
                0x00006b74       0x1c c:/program files (x86)/atmel/atmel toolchain/avr8 gcc/native/3.4.2.876/avr8-gnu-toolchain/bin/../lib/gcc/avr/4.7.2/../../../../avr/lib/avr5\libm.a(fp_mpack.o)
                0x00006b74                __fp_mpack
                0x00006b78                __fp_mpack_finite
 .text.libgcc.div
                0x00006b90       0x44 c:/program files (x86)/atmel/atmel toolchain/avr8 gcc/native/3.4.2.876/avr8-gnu-toolchain/bin/../lib/gcc/avr/4.7.2/avr5\libgcc.a(_udivmodsi4.o)
                0x00006b90                __udivmodsi4
 .text.libgcc.mul
                0x00006bd4       0x18 c:/program files (x86)/atmel/atmel toolchain/avr8 gcc/native/3.4.2.876/avr8-gnu-toolchain/bin/../lib/gcc/avr/4.7.2/avr5\libgcc.a(_umulhisi3.o)
                0x00006bd4                __umulhisi3
 .text.avr-libc
                0x00006bec       0x12 c:/program files (x86)/atmel/atmel toolchain/avr8 gcc/native/3.4.2.876/avr8-gnu-toolchain/bin/../lib/gcc/avr/4.7.2/../../../../avr/lib/avr5\libc.a(memcpy.o)
                0x00006bec                memcpy
 .text.avr-libc
                0x00006bfe       0x12 c:/program files (x86)/atmel/atmel toolchain/avr8 gcc/native/3.4.2.876/avr8-gnu-toolchain/bin/../lib/gcc/avr/4.7.2/../../../../avr/lib/avr5\libc.a(strcmp.o)
                0x00006bfe                strcmp
                0x00006c10                . = ALIGN (0x2)
 *(.fini9)
 .fini9         0x00006c10        0x0 c:/program files (x86)/atmel/atmel toolchain/avr8 gcc/native/3.4.2.876/avr8-gnu-toolchain/bin/../lib/gcc/avr/4.7.2/avr5\libgcc.a(_exit.o)
                0x00006c10                _exit
                0x00006c10                exit
 *(.fini9)
 *(.fini8)
 *(.fini8)
 *(.fini7)
 *(.fini7)
 *(.fini6)
 *(.fini6)
 *(.fini5)
 *(.fini5)
 *(.fini4)
 *(.fini4)
 *(.fini3)
 *(.fini3)
 *(.fini2)
 *(.fini2)
 *(.fini1)
 *(.fini1)
 *(.fini0)
 .fini0         0x00006c10        0x4 c:/program files (x86)/atmel/atmel toolchain/avr8 gcc/native/3.4.2.876/avr8-gnu-toolchain/bin/../lib/gcc/avr/4.7.2/avr5\libgcc.a(_exit.o)
 *(.fini0)
                0x00006c14                _etext = .

.data           0x00800060      0x156 load address 0x00006c14
                0x00800060                PROVIDE (__data_start, .)
 *(.data)
 .data          0x00800060        0x0 c:/program files (x86)/atmel/atmel toolchain/avr8 gcc/native/3.4.2.876/avr8-gnu-toolchain/bin/../lib/gcc/avr/4.7.2/../../../../avr/lib/avr5/crtm32.o
 .data          0x00800060        0x0 APP/src/keypad_task.o
 .data          0x00800060        0x0 APP/src/lcd_task.o
 .data          0x00800060        0x0 APP/src/led_task.o
 .data          0x00800060        0x0 APP/src/log_task.o
 .data          0x00800060        0x0 APP/src/main.o
 .data          0x00800060        0x0 APP/src/motor_task.o
 .data          0x00800060        0x0 APP/src/spi_interrupt.o
 .data          0x00800060        0x0 APP/src/terminal_main_menu.o
 .data          0x00800060       0x19 APP/src/terminal_task.o
                0x00800060                task_state
                0x00800061                user_menu_ptr
                0x0080006d                menu_func_ptr
 .data          0x00800079        0x0 APP/src/terminal_user_menu.o
 .data          0x00800079        0x0 ECU/src/ecu_buzzer.o
 .data          0x00800079        0x3 ECU/src/ecu_buzzer_Cfg.o
                0x00800079                buzzer_param
 .data          0x0080007c        0x1 ECU/src/ecu_keypad.o
 .data          0x0080007d       0x30 ECU/src/ecu_keypad_Cfg.o
                0x0080007d                keypad_param
                0x0080008d                col3
                0x00800091                col2
                0x00800095                col1
                0x00800099                col0
                0x0080009d                row3
                0x008000a1                row2
                0x008000a5                row1
                0x008000a9                row0
 .data          0x008000ad        0x0 ECU/src/ecu_lcd.o
 .data          0x008000ad       0x24 ECU/src/ecu_lcd_Cfg.o
                0x008000ad                lcd_param
                0x008000b9                lcd_e
                0x008000bd                lcd_rs
                0x008000c1                lcd_d7
                0x008000c5                lcd_d6
                0x008000c9                lcd_d5
                0x008000cd                lcd_d4
 .data          0x008000d1        0x0 ECU/src/ecu_led.o
 .data          0x008000d1        0x6 ECU/src/ecu_led_Cfg.o
                0x008000d1                red_led_param
                0x008000d4                green_led_param
 .data          0x008000d7        0x0 ECU/src/external_eeprom.o
 .data          0x008000d7        0x0 ECU/src/motor_driver.o
 .data          0x008000d7        0xb ECU/src/motor_driver_Cfg.o
                0x008000d7                motor_param
 .data          0x008000e2        0x0 ECU/src/rtc.o
 .data          0x008000e2        0x0 MCAL/src/gpio.o
 .data          0x008000e2        0x0 MCAL/src/i2c.o
 .data          0x008000e2        0x0 MCAL/src/i2c_Cfg.o
 .data          0x008000e2        0x0 MCAL/src/pwm2.o
 .data          0x008000e2        0x3 MCAL/src/pwm2_Cfg.o
                0x008000e2                pwm2_param
 .data          0x008000e5        0x0 MCAL/src/spi.o
 .data          0x008000e5        0x8 MCAL/src/spi_Cfg.o
                0x008000e5                spi_param
 .data          0x008000ed        0x0 MCAL/src/uart.o
 .data          0x008000ed       0x14 MCAL/src/uart_Cfg.o
                0x008000ed                uart0
 .data          0x00800101        0x0 SERVICE/src/heap_1.o
 .data          0x00800101        0x0 SERVICE/src/list.o
 .data          0x00800101        0x0 SERVICE/src/port.o
 .data          0x00800101        0x0 SERVICE/src/queue.o
 .data          0x00800101        0x0 SERVICE/src/tasks.o
 .data          0x00800101        0x0 c:/program files (x86)/atmel/atmel toolchain/avr8 gcc/native/3.4.2.876/avr8-gnu-toolchain/bin/../lib/gcc/avr/4.7.2/../../../../avr/lib/avr5\libm.a(addsf3.o)
 .data          0x00800101        0x0 c:/program files (x86)/atmel/atmel toolchain/avr8 gcc/native/3.4.2.876/avr8-gnu-toolchain/bin/../lib/gcc/avr/4.7.2/../../../../avr/lib/avr5\libm.a(addsf3x.o)
 .data          0x00800101        0x0 c:/program files (x86)/atmel/atmel toolchain/avr8 gcc/native/3.4.2.876/avr8-gnu-toolchain/bin/../lib/gcc/avr/4.7.2/../../../../avr/lib/avr5\libm.a(divsf3.o)
 .data          0x00800101        0x0 c:/program files (x86)/atmel/atmel toolchain/avr8 gcc/native/3.4.2.876/avr8-gnu-toolchain/bin/../lib/gcc/avr/4.7.2/../../../../avr/lib/avr5\libm.a(divsf3x.o)
 .data          0x00800101        0x0 c:/program files (x86)/atmel/atmel toolchain/avr8 gcc/native/3.4.2.876/avr8-gnu-toolchain/bin/../lib/gcc/avr/4.7.2/../../../../avr/lib/avr5\libm.a(fixunssfsi.o)
 .data          0x00800101        0x0 c:/program files (x86)/atmel/atmel toolchain/avr8 gcc/native/3.4.2.876/avr8-gnu-toolchain/bin/../lib/gcc/avr/4.7.2/../../../../avr/lib/avr5\libm.a(floatsisf.o)
 .data          0x00800101        0x0 c:/program files (x86)/atmel/atmel toolchain/avr8 gcc/native/3.4.2.876/avr8-gnu-toolchain/bin/../lib/gcc/avr/4.7.2/../../../../avr/lib/avr5\libm.a(fp_inf.o)
 .data          0x00800101        0x0 c:/program files (x86)/atmel/atmel toolchain/avr8 gcc/native/3.4.2.876/avr8-gnu-toolchain/bin/../lib/gcc/avr/4.7.2/../../../../avr/lib/avr5\libm.a(fp_nan.o)
 .data          0x00800101        0x0 c:/program files (x86)/atmel/atmel toolchain/avr8 gcc/native/3.4.2.876/avr8-gnu-toolchain/bin/../lib/gcc/avr/4.7.2/../../../../avr/lib/avr5\libm.a(fp_pscA.o)
 .data          0x00800101        0x0 c:/program files (x86)/atmel/atmel toolchain/avr8 gcc/native/3.4.2.876/avr8-gnu-toolchain/bin/../lib/gcc/avr/4.7.2/../../../../avr/lib/avr5\libm.a(fp_pscB.o)
 .data          0x00800101        0x0 c:/program files (x86)/atmel/atmel toolchain/avr8 gcc/native/3.4.2.876/avr8-gnu-toolchain/bin/../lib/gcc/avr/4.7.2/../../../../avr/lib/avr5\libm.a(fp_round.o)
 .data          0x00800101        0x0 c:/program files (x86)/atmel/atmel toolchain/avr8 gcc/native/3.4.2.876/avr8-gnu-toolchain/bin/../lib/gcc/avr/4.7.2/../../../../avr/lib/avr5\libm.a(fp_split3.o)
 .data          0x00800101        0x0 c:/program files (x86)/atmel/atmel toolchain/avr8 gcc/native/3.4.2.876/avr8-gnu-toolchain/bin/../lib/gcc/avr/4.7.2/../../../../avr/lib/avr5\libm.a(fp_zero.o)
 .data          0x00800101        0x0 c:/program files (x86)/atmel/atmel toolchain/avr8 gcc/native/3.4.2.876/avr8-gnu-toolchain/bin/../lib/gcc/avr/4.7.2/../../../../avr/lib/avr5\libm.a(pow.o)
 .data          0x00800101        0x0 c:/program files (x86)/atmel/atmel toolchain/avr8 gcc/native/3.4.2.876/avr8-gnu-toolchain/bin/../lib/gcc/avr/4.7.2/../../../../avr/lib/avr5\libm.a(exp.o)
 .data          0x00800101        0x0 c:/program files (x86)/atmel/atmel toolchain/avr8 gcc/native/3.4.2.876/avr8-gnu-toolchain/bin/../lib/gcc/avr/4.7.2/../../../../avr/lib/avr5\libm.a(fp_powser.o)
 .data          0x00800101        0x0 c:/program files (x86)/atmel/atmel toolchain/avr8 gcc/native/3.4.2.876/avr8-gnu-toolchain/bin/../lib/gcc/avr/4.7.2/../../../../avr/lib/avr5\libm.a(inverse.o)
 .data          0x00800101        0x0 c:/program files (x86)/atmel/atmel toolchain/avr8 gcc/native/3.4.2.876/avr8-gnu-toolchain/bin/../lib/gcc/avr/4.7.2/../../../../avr/lib/avr5\libm.a(ldexp.o)
 .data          0x00800101        0x0 c:/program files (x86)/atmel/atmel toolchain/avr8 gcc/native/3.4.2.876/avr8-gnu-toolchain/bin/../lib/gcc/avr/4.7.2/../../../../avr/lib/avr5\libm.a(log.o)
 .data          0x00800101        0x0 c:/program files (x86)/atmel/atmel toolchain/avr8 gcc/native/3.4.2.876/avr8-gnu-toolchain/bin/../lib/gcc/avr/4.7.2/../../../../avr/lib/avr5\libm.a(modf.o)
 .data          0x00800101        0x0 c:/program files (x86)/atmel/atmel toolchain/avr8 gcc/native/3.4.2.876/avr8-gnu-toolchain/bin/../lib/gcc/avr/4.7.2/../../../../avr/lib/avr5\libm.a(mulsf3.o)
 .data          0x00800101        0x0 c:/program files (x86)/atmel/atmel toolchain/avr8 gcc/native/3.4.2.876/avr8-gnu-toolchain/bin/../lib/gcc/avr/4.7.2/../../../../avr/lib/avr5\libm.a(mulsf3x.o)
 .data          0x00800101        0x0 c:/program files (x86)/atmel/atmel toolchain/avr8 gcc/native/3.4.2.876/avr8-gnu-toolchain/bin/../lib/gcc/avr/4.7.2/../../../../avr/lib/avr5\libm.a(fp_mpack.o)
 .data          0x00800101        0x0 c:/program files (x86)/atmel/atmel toolchain/avr8 gcc/native/3.4.2.876/avr8-gnu-toolchain/bin/../lib/gcc/avr/4.7.2/avr5\libgcc.a(_udivmodsi4.o)
 .data          0x00800101        0x0 c:/program files (x86)/atmel/atmel toolchain/avr8 gcc/native/3.4.2.876/avr8-gnu-toolchain/bin/../lib/gcc/avr/4.7.2/avr5\libgcc.a(_exit.o)
 .data          0x00800101        0x0 c:/program files (x86)/atmel/atmel toolchain/avr8 gcc/native/3.4.2.876/avr8-gnu-toolchain/bin/../lib/gcc/avr/4.7.2/avr5\libgcc.a(_copy_data.o)
 .data          0x00800101        0x0 c:/program files (x86)/atmel/atmel toolchain/avr8 gcc/native/3.4.2.876/avr8-gnu-toolchain/bin/../lib/gcc/avr/4.7.2/avr5\libgcc.a(_clear_bss.o)
 .data          0x00800101        0x0 c:/program files (x86)/atmel/atmel toolchain/avr8 gcc/native/3.4.2.876/avr8-gnu-toolchain/bin/../lib/gcc/avr/4.7.2/avr5\libgcc.a(_umulhisi3.o)
 .data          0x00800101        0x0 c:/program files (x86)/atmel/atmel toolchain/avr8 gcc/native/3.4.2.876/avr8-gnu-toolchain/bin/../lib/gcc/avr/4.7.2/../../../../avr/lib/avr5\libc.a(memcpy.o)
 .data          0x00800101        0x0 c:/program files (x86)/atmel/atmel toolchain/avr8 gcc/native/3.4.2.876/avr8-gnu-toolchain/bin/../lib/gcc/avr/4.7.2/../../../../avr/lib/avr5\libc.a(strcmp.o)
 *(.data*)
 *(.rodata)
 .rodata        0x00800101        0x4 APP/src/spi_interrupt.o
 .rodata        0x00800105       0x10 ECU/src/ecu_keypad.o
 .rodata        0x00800115       0x18 ECU/src/external_eeprom.o
 .rodata        0x0080012d        0xd MCAL/src/i2c_Cfg.o
                0x0080012d                i2c_param
 *(.rodata*)
 .rodata.str1.1
                0x0080013a       0x4d APP/src/lcd_task.o
 .rodata.str1.1
                0x00800187       0x2a APP/src/main.o
 .rodata.str1.1
                0x008001b1        0x5 SERVICE/src/tasks.o
 *(.gnu.linkonce.d*)
                0x008001b6                . = ALIGN (0x2)
                0x008001b6                _edata = .
                0x008001b6                PROVIDE (__data_end, .)

.bss            0x008001b6      0x68c
                0x008001b6                PROVIDE (__bss_start, .)
 *(.bss)
 .bss           0x008001b6        0x2 APP/src/keypad_task.o
 .bss           0x008001b8        0x5 APP/src/lcd_task.o
 .bss           0x008001bd        0x2 APP/src/led_task.o
 .bss           0x008001bf        0x7 APP/src/log_task.o
 .bss           0x008001c6        0x3 APP/src/motor_task.o
 .bss           0x008001c9        0x6 APP/src/spi_interrupt.o
                0x008001c9                g_unlock_system_flag
 .bss           0x008001cf        0xf APP/src/terminal_task.o
                0x008001cf                admin_invalid_count
 .bss           0x008001de        0x1 ECU/src/ecu_keypad.o
 .bss           0x008001df        0x2 ECU/src/ecu_lcd.o
 .bss           0x008001e1        0x3 MCAL/src/i2c.o
 .bss           0x008001e4        0x1 MCAL/src/pwm2.o
 .bss           0x008001e5        0x2 MCAL/src/spi.o
 .bss           0x008001e7        0x6 MCAL/src/uart.o
 .bss           0x008001ed      0x5e0 SERVICE/src/heap_1.o
 .bss           0x008007cd       0x5c SERVICE/src/tasks.o
                0x008007cd                pxCurrentTCB
 *(.bss*)
 *(COMMON)
 COMMON         0x00800829        0x2 APP/src/log_task.o
                0x00800829                g_log_q
 COMMON         0x0080082b        0x6 APP/src/main.o
                0x0080082b                xSemaphore
                0x0080082d                i2c_mutex
                0x0080082f                uart_mutex
 COMMON         0x00800831       0x11 APP/src/terminal_task.o
                0x00800831                current_admin
                0x00800841                current_id
                0x00800842                PROVIDE (__bss_end, .)
                0x00006c14                __data_load_start = LOADADDR (.data)
                0x00006d6a                __data_load_end = (__data_load_start + SIZEOF (.data))

.noinit         0x00800842        0x0
                0x00800842                PROVIDE (__noinit_start, .)
 *(.noinit*)
                0x00800842                PROVIDE (__noinit_end, .)
                0x00800842                _end = .
                0x00800842                PROVIDE (__heap_start, .)

.eeprom         0x00810000        0x0
 *(.eeprom*)
                0x00810000                __eeprom_end = .

.fuse
 *(.fuse)
 *(.lfuse)
 *(.hfuse)
 *(.efuse)

.lock
 *(.lock*)

.signature
 *(.signature*)

.user_signatures
 *(.user_signatures*)

.stab           0x00000000     0x3480
 *(.stab)
 .stab          0x00000000      0x6cc c:/program files (x86)/atmel/atmel toolchain/avr8 gcc/native/3.4.2.876/avr8-gnu-toolchain/bin/../lib/gcc/avr/4.7.2/../../../../avr/lib/avr5/crtm32.o
 .stab          0x000006cc       0x78 c:/program files (x86)/atmel/atmel toolchain/avr8 gcc/native/3.4.2.876/avr8-gnu-toolchain/bin/../lib/gcc/avr/4.7.2/../../../../avr/lib/avr5\libm.a(addsf3.o)
                                 0x84 (size before relaxing)
 .stab          0x00000744      0x4bc c:/program files (x86)/atmel/atmel toolchain/avr8 gcc/native/3.4.2.876/avr8-gnu-toolchain/bin/../lib/gcc/avr/4.7.2/../../../../avr/lib/avr5\libm.a(addsf3x.o)
                                0x4c8 (size before relaxing)
 .stab          0x00000c00       0x48 c:/program files (x86)/atmel/atmel toolchain/avr8 gcc/native/3.4.2.876/avr8-gnu-toolchain/bin/../lib/gcc/avr/4.7.2/../../../../avr/lib/avr5\libm.a(divsf3.o)
                                 0x54 (size before relaxing)
 .stab          0x00000c48      0x510 c:/program files (x86)/atmel/atmel toolchain/avr8 gcc/native/3.4.2.876/avr8-gnu-toolchain/bin/../lib/gcc/avr/4.7.2/../../../../avr/lib/avr5\libm.a(divsf3x.o)
                                0x51c (size before relaxing)
 .stab          0x00001158      0x240 c:/program files (x86)/atmel/atmel toolchain/avr8 gcc/native/3.4.2.876/avr8-gnu-toolchain/bin/../lib/gcc/avr/4.7.2/../../../../avr/lib/avr5\libm.a(fixunssfsi.o)
                                0x24c (size before relaxing)
 .stab          0x00001398      0x318 c:/program files (x86)/atmel/atmel toolchain/avr8 gcc/native/3.4.2.876/avr8-gnu-toolchain/bin/../lib/gcc/avr/4.7.2/../../../../avr/lib/avr5\libm.a(floatsisf.o)
                                0x324 (size before relaxing)
 .stab          0x000016b0       0x78 c:/program files (x86)/atmel/atmel toolchain/avr8 gcc/native/3.4.2.876/avr8-gnu-toolchain/bin/../lib/gcc/avr/4.7.2/../../../../avr/lib/avr5\libm.a(fp_inf.o)
                                 0x84 (size before relaxing)
 .stab          0x00001728       0x54 c:/program files (x86)/atmel/atmel toolchain/avr8 gcc/native/3.4.2.876/avr8-gnu-toolchain/bin/../lib/gcc/avr/4.7.2/../../../../avr/lib/avr5\libm.a(fp_nan.o)
                                 0x60 (size before relaxing)
 .stab          0x0000177c       0x84 c:/program files (x86)/atmel/atmel toolchain/avr8 gcc/native/3.4.2.876/avr8-gnu-toolchain/bin/../lib/gcc/avr/4.7.2/../../../../avr/lib/avr5\libm.a(fp_pscA.o)
                                 0x90 (size before relaxing)
 .stab          0x00001800       0x84 c:/program files (x86)/atmel/atmel toolchain/avr8 gcc/native/3.4.2.876/avr8-gnu-toolchain/bin/../lib/gcc/avr/4.7.2/../../../../avr/lib/avr5\libm.a(fp_pscB.o)
                                 0x90 (size before relaxing)
 .stab          0x00001884       0xfc c:/program files (x86)/atmel/atmel toolchain/avr8 gcc/native/3.4.2.876/avr8-gnu-toolchain/bin/../lib/gcc/avr/4.7.2/../../../../avr/lib/avr5\libm.a(fp_round.o)
                                0x108 (size before relaxing)
 .stab          0x00001980      0x1d4 c:/program files (x86)/atmel/atmel toolchain/avr8 gcc/native/3.4.2.876/avr8-gnu-toolchain/bin/../lib/gcc/avr/4.7.2/../../../../avr/lib/avr5\libm.a(fp_split3.o)
                                0x1e0 (size before relaxing)
 .stab          0x00001b54       0x90 c:/program files (x86)/atmel/atmel toolchain/avr8 gcc/native/3.4.2.876/avr8-gnu-toolchain/bin/../lib/gcc/avr/4.7.2/../../../../avr/lib/avr5\libm.a(fp_zero.o)
                                 0x9c (size before relaxing)
 .stab          0x00001be4      0x3c0 c:/program files (x86)/atmel/atmel toolchain/avr8 gcc/native/3.4.2.876/avr8-gnu-toolchain/bin/../lib/gcc/avr/4.7.2/../../../../avr/lib/avr5\libm.a(pow.o)
                                0x3cc (size before relaxing)
 .stab          0x00001fa4      0x288 c:/program files (x86)/atmel/atmel toolchain/avr8 gcc/native/3.4.2.876/avr8-gnu-toolchain/bin/../lib/gcc/avr/4.7.2/../../../../avr/lib/avr5\libm.a(exp.o)
                                0x294 (size before relaxing)
 .stab          0x0000222c      0x1ec c:/program files (x86)/atmel/atmel toolchain/avr8 gcc/native/3.4.2.876/avr8-gnu-toolchain/bin/../lib/gcc/avr/4.7.2/../../../../avr/lib/avr5\libm.a(fp_powser.o)
                                0x1f8 (size before relaxing)
 .stab          0x00002418       0x84 c:/program files (x86)/atmel/atmel toolchain/avr8 gcc/native/3.4.2.876/avr8-gnu-toolchain/bin/../lib/gcc/avr/4.7.2/../../../../avr/lib/avr5\libm.a(inverse.o)
                                 0x90 (size before relaxing)
 .stab          0x0000249c      0x2c4 c:/program files (x86)/atmel/atmel toolchain/avr8 gcc/native/3.4.2.876/avr8-gnu-toolchain/bin/../lib/gcc/avr/4.7.2/../../../../avr/lib/avr5\libm.a(ldexp.o)
                                0x2d0 (size before relaxing)
 .stab          0x00002760      0x378 c:/program files (x86)/atmel/atmel toolchain/avr8 gcc/native/3.4.2.876/avr8-gnu-toolchain/bin/../lib/gcc/avr/4.7.2/../../../../avr/lib/avr5\libm.a(log.o)
                                0x384 (size before relaxing)
 .stab          0x00002ad8      0x2a0 c:/program files (x86)/atmel/atmel toolchain/avr8 gcc/native/3.4.2.876/avr8-gnu-toolchain/bin/../lib/gcc/avr/4.7.2/../../../../avr/lib/avr5\libm.a(modf.o)
                                0x2ac (size before relaxing)
 .stab          0x00002d78       0x48 c:/program files (x86)/atmel/atmel toolchain/avr8 gcc/native/3.4.2.876/avr8-gnu-toolchain/bin/../lib/gcc/avr/4.7.2/../../../../avr/lib/avr5\libm.a(mulsf3.o)
                                 0x54 (size before relaxing)
 .stab          0x00002dc0      0x4d4 c:/program files (x86)/atmel/atmel toolchain/avr8 gcc/native/3.4.2.876/avr8-gnu-toolchain/bin/../lib/gcc/avr/4.7.2/../../../../avr/lib/avr5\libm.a(mulsf3x.o)
                                0x4e0 (size before relaxing)
 .stab          0x00003294       0xe4 c:/program files (x86)/atmel/atmel toolchain/avr8 gcc/native/3.4.2.876/avr8-gnu-toolchain/bin/../lib/gcc/avr/4.7.2/../../../../avr/lib/avr5\libm.a(fp_mpack.o)
                                 0xf0 (size before relaxing)
 .stab          0x00003378       0x84 c:/program files (x86)/atmel/atmel toolchain/avr8 gcc/native/3.4.2.876/avr8-gnu-toolchain/bin/../lib/gcc/avr/4.7.2/../../../../avr/lib/avr5\libc.a(memcpy.o)
                                 0x90 (size before relaxing)
 .stab          0x000033fc       0x84 c:/program files (x86)/atmel/atmel toolchain/avr8 gcc/native/3.4.2.876/avr8-gnu-toolchain/bin/../lib/gcc/avr/4.7.2/../../../../avr/lib/avr5\libc.a(strcmp.o)
                                 0x90 (size before relaxing)

.stabstr        0x00000000      0x9be
 *(.stabstr)
 .stabstr       0x00000000      0x9be c:/program files (x86)/atmel/atmel toolchain/avr8 gcc/native/3.4.2.876/avr8-gnu-toolchain/bin/../lib/gcc/avr/4.7.2/../../../../avr/lib/avr5/crtm32.o

.stab.excl
 *(.stab.excl)

.stab.exclstr
 *(.stab.exclstr)

.stab.index
 *(.stab.index)

.stab.indexstr
 *(.stab.indexstr)

.comment        0x00000000       0x2f
 *(.comment)
 .comment       0x00000000       0x2f APP/src/keypad_task.o
                                 0x30 (size before relaxing)
 .comment       0x00000000       0x30 APP/src/lcd_task.o
 .comment       0x00000000       0x30 APP/src/led_task.o
 .comment       0x00000000       0x30 APP/src/log_task.o
 .comment       0x00000000       0x30 APP/src/main.o
 .comment       0x00000000       0x30 APP/src/motor_task.o
 .comment       0x00000000       0x30 APP/src/spi_interrupt.o
 .comment       0x00000000       0x30 APP/src/terminal_main_menu.o
 .comment       0x00000000       0x30 APP/src/terminal_task.o
 .comment       0x00000000       0x30 APP/src/terminal_user_menu.o
 .comment       0x00000000       0x30 ECU/src/ecu_buzzer.o
 .comment       0x00000000       0x30 ECU/src/ecu_buzzer_Cfg.o
 .comment       0x00000000       0x30 ECU/src/ecu_keypad.o
 .comment       0x00000000       0x30 ECU/src/ecu_keypad_Cfg.o
 .comment       0x00000000       0x30 ECU/src/ecu_lcd.o
 .comment       0x00000000       0x30 ECU/src/ecu_lcd_Cfg.o
 .comment       0x00000000       0x30 ECU/src/ecu_led.o
 .comment       0x00000000       0x30 ECU/src/ecu_led_Cfg.o
 .comment       0x00000000       0x30 ECU/src/external_eeprom.o
 .comment       0x00000000       0x30 ECU/src/motor_driver.o
 .comment       0x00000000       0x30 ECU/src/motor_driver_Cfg.o
 .comment       0x00000000       0x30 ECU/src/rtc.o
 .comment       0x00000000       0x30 MCAL/src/gpio.o
 .comment       0x00000000       0x30 MCAL/src/i2c.o
 .comment       0x00000000       0x30 MCAL/src/i2c_Cfg.o
 .comment       0x00000000       0x30 MCAL/src/pwm2.o
 .comment       0x00000000       0x30 MCAL/src/pwm2_Cfg.o
 .comment       0x00000000       0x30 MCAL/src/spi.o
 .comment       0x00000000       0x30 MCAL/src/spi_Cfg.o
 .comment       0x00000000       0x30 MCAL/src/uart.o
 .comment       0x00000000       0x30 MCAL/src/uart_Cfg.o
 .comment       0x00000000       0x30 SERVICE/src/heap_1.o
 .comment       0x00000000       0x30 SERVICE/src/list.o
 .comment       0x00000000       0x30 SERVICE/src/port.o
 .comment       0x00000000       0x30 SERVICE/src/queue.o
 .comment       0x00000000       0x30 SERVICE/src/tasks.o

.debug
 *(.debug)

.line
 *(.line)

.debug_srcinfo
 *(.debug_srcinfo)

.debug_sfnames
 *(.debug_sfnames)

.debug_aranges  0x00000000      0x9c8
 *(.debug_aranges)
 .debug_aranges
                0x00000000       0x30 APP/src/keypad_task.o
 .debug_aranges
                0x00000030       0x48 APP/src/lcd_task.o
 .debug_aranges
                0x00000078       0x30 APP/src/led_task.o
 .debug_aranges
                0x000000a8       0x38 APP/src/log_task.o
 .debug_aranges
                0x000000e0       0x20 APP/src/main.o
 .debug_aranges
                0x00000100       0x40 APP/src/motor_task.o
 .debug_aranges
                0x00000140       0x20 APP/src/spi_interrupt.o
 .debug_aranges
                0x00000160       0x38 APP/src/terminal_main_menu.o
 .debug_aranges
                0x00000198       0x90 APP/src/terminal_task.o
 .debug_aranges
                0x00000228       0x40 APP/src/terminal_user_menu.o
 .debug_aranges
                0x00000268       0x38 ECU/src/ecu_buzzer.o
 .debug_aranges
                0x000002a0       0x18 ECU/src/ecu_buzzer_Cfg.o
 .debug_aranges
                0x000002b8       0x30 ECU/src/ecu_keypad.o
 .debug_aranges
                0x000002e8       0x18 ECU/src/ecu_keypad_Cfg.o
 .debug_aranges
                0x00000300       0x70 ECU/src/ecu_lcd.o
 .debug_aranges
                0x00000370       0x18 ECU/src/ecu_lcd_Cfg.o
 .debug_aranges
                0x00000388       0x38 ECU/src/ecu_led.o
 .debug_aranges
                0x000003c0       0x18 ECU/src/ecu_led_Cfg.o
 .debug_aranges
                0x000003d8       0xb8 ECU/src/external_eeprom.o
 .debug_aranges
                0x00000490       0x28 ECU/src/motor_driver.o
 .debug_aranges
                0x000004b8       0x18 ECU/src/motor_driver_Cfg.o
 .debug_aranges
                0x000004d0       0x48 ECU/src/rtc.o
 .debug_aranges
                0x00000518       0x30 MCAL/src/gpio.o
 .debug_aranges
                0x00000548       0x80 MCAL/src/i2c.o
 .debug_aranges
                0x000005c8       0x18 MCAL/src/i2c_Cfg.o
 .debug_aranges
                0x000005e0       0x40 MCAL/src/pwm2.o
 .debug_aranges
                0x00000620       0x18 MCAL/src/pwm2_Cfg.o
 .debug_aranges
                0x00000638       0x48 MCAL/src/spi.o
 .debug_aranges
                0x00000680       0x18 MCAL/src/spi_Cfg.o
 .debug_aranges
                0x00000698       0x68 MCAL/src/uart.o
 .debug_aranges
                0x00000700       0x18 MCAL/src/uart_Cfg.o
 .debug_aranges
                0x00000718       0x38 SERVICE/src/heap_1.o
 .debug_aranges
                0x00000750       0x40 SERVICE/src/list.o
 .debug_aranges
                0x00000790       0x48 SERVICE/src/port.o
 .debug_aranges
                0x000007d8       0xc0 SERVICE/src/queue.o
 .debug_aranges
                0x00000898      0x130 SERVICE/src/tasks.o

.debug_pubnames
 *(.debug_pubnames)

.debug_info     0x00000000    0x104d0
 *(.debug_info)
 .debug_info    0x00000000      0x41b APP/src/keypad_task.o
 .debug_info    0x0000041b      0xc40 APP/src/lcd_task.o
 .debug_info    0x0000105b      0x44b APP/src/led_task.o
 .debug_info    0x000014a6      0x91a APP/src/log_task.o
 .debug_info    0x00001dc0      0xb06 APP/src/main.o
 .debug_info    0x000028c6      0x4de APP/src/motor_task.o
 .debug_info    0x00002da4      0x11c APP/src/spi_interrupt.o
 .debug_info    0x00002ec0      0xf64 APP/src/terminal_main_menu.o
 .debug_info    0x00003e24     0x1898 APP/src/terminal_task.o
 .debug_info    0x000056bc     0x1876 APP/src/terminal_user_menu.o
 .debug_info    0x00006f32      0x397 ECU/src/ecu_buzzer.o
 .debug_info    0x000072c9      0x156 ECU/src/ecu_buzzer_Cfg.o
 .debug_info    0x0000741f      0x65c ECU/src/ecu_keypad.o
 .debug_info    0x00007a7b      0x299 ECU/src/ecu_keypad_Cfg.o
 .debug_info    0x00007d14      0xb67 ECU/src/ecu_lcd.o
 .debug_info    0x0000887b      0x260 ECU/src/ecu_lcd_Cfg.o
 .debug_info    0x00008adb      0x397 ECU/src/ecu_led.o
 .debug_info    0x00008e72      0x168 ECU/src/ecu_led_Cfg.o
 .debug_info    0x00008fda     0x131d ECU/src/external_eeprom.o
 .debug_info    0x0000a2f7      0x54d ECU/src/motor_driver.o
 .debug_info    0x0000a844      0x28b ECU/src/motor_driver_Cfg.o
 .debug_info    0x0000aacf      0x9dc ECU/src/rtc.o
 .debug_info    0x0000b4ab      0x295 MCAL/src/gpio.o
 .debug_info    0x0000b740      0x83c MCAL/src/i2c.o
 .debug_info    0x0000bf7c      0x17f MCAL/src/i2c_Cfg.o
 .debug_info    0x0000c0fb      0x21f MCAL/src/pwm2.o
 .debug_info    0x0000c31a      0x12f MCAL/src/pwm2_Cfg.o
 .debug_info    0x0000c449      0x2d2 MCAL/src/spi.o
 .debug_info    0x0000c71b      0x1ea MCAL/src/spi_Cfg.o
 .debug_info    0x0000c905      0x4dc MCAL/src/uart.o
 .debug_info    0x0000cde1      0x217 MCAL/src/uart_Cfg.o
 .debug_info    0x0000cff8      0x1ad SERVICE/src/heap_1.o
 .debug_info    0x0000d1a5      0x2d2 SERVICE/src/list.o
 .debug_info    0x0000d477      0x261 SERVICE/src/port.o
 .debug_info    0x0000d6d8     0x1633 SERVICE/src/queue.o
 .debug_info    0x0000ed0b     0x17c5 SERVICE/src/tasks.o
 *(.gnu.linkonce.wi.*)

.debug_abbrev   0x00000000     0x3746
 *(.debug_abbrev)
 .debug_abbrev  0x00000000      0x1d1 APP/src/keypad_task.o
 .debug_abbrev  0x000001d1      0x21a APP/src/lcd_task.o
 .debug_abbrev  0x000003eb      0x1bb APP/src/led_task.o
 .debug_abbrev  0x000005a6      0x239 APP/src/log_task.o
 .debug_abbrev  0x000007df      0x211 APP/src/main.o
 .debug_abbrev  0x000009f0      0x1b7 APP/src/motor_task.o
 .debug_abbrev  0x00000ba7       0xaf APP/src/spi_interrupt.o
 .debug_abbrev  0x00000c56      0x1ec APP/src/terminal_main_menu.o
 .debug_abbrev  0x00000e42      0x442 APP/src/terminal_task.o
 .debug_abbrev  0x00001284      0x20e APP/src/terminal_user_menu.o
 .debug_abbrev  0x00001492      0x137 ECU/src/ecu_buzzer.o
 .debug_abbrev  0x000015c9       0x85 ECU/src/ecu_buzzer_Cfg.o
 .debug_abbrev  0x0000164e      0x179 ECU/src/ecu_keypad.o
 .debug_abbrev  0x000017c7       0x8e ECU/src/ecu_keypad_Cfg.o
 .debug_abbrev  0x00001855      0x252 ECU/src/ecu_lcd.o
 .debug_abbrev  0x00001aa7       0x8e ECU/src/ecu_lcd_Cfg.o
 .debug_abbrev  0x00001b35      0x137 ECU/src/ecu_led.o
 .debug_abbrev  0x00001c6c       0x85 ECU/src/ecu_led_Cfg.o
 .debug_abbrev  0x00001cf1      0x332 ECU/src/external_eeprom.o
 .debug_abbrev  0x00002023      0x133 ECU/src/motor_driver.o
 .debug_abbrev  0x00002156       0xac ECU/src/motor_driver_Cfg.o
 .debug_abbrev  0x00002202      0x1e4 ECU/src/rtc.o
 .debug_abbrev  0x000023e6       0xf1 MCAL/src/gpio.o
 .debug_abbrev  0x000024d7      0x27b MCAL/src/i2c.o
 .debug_abbrev  0x00002752       0xa9 MCAL/src/i2c_Cfg.o
 .debug_abbrev  0x000027fb      0x10e MCAL/src/pwm2.o
 .debug_abbrev  0x00002909       0x83 MCAL/src/pwm2_Cfg.o
 .debug_abbrev  0x0000298c      0x11b MCAL/src/spi.o
 .debug_abbrev  0x00002aa7       0x86 MCAL/src/spi_Cfg.o
 .debug_abbrev  0x00002b2d      0x16f MCAL/src/uart.o
 .debug_abbrev  0x00002c9c       0x93 MCAL/src/uart_Cfg.o
 .debug_abbrev  0x00002d2f      0x12e SERVICE/src/heap_1.o
 .debug_abbrev  0x00002e5d       0xff SERVICE/src/list.o
 .debug_abbrev  0x00002f5c      0x167 SERVICE/src/port.o
 .debug_abbrev  0x000030c3      0x338 SERVICE/src/queue.o
 .debug_abbrev  0x000033fb      0x34b SERVICE/src/tasks.o

.debug_line     0x00000000     0x429c
 *(.debug_line)
 .debug_line    0x00000000      0x1a0 APP/src/keypad_task.o
 .debug_line    0x000001a0      0x2d6 APP/src/lcd_task.o
 .debug_line    0x00000476      0x1de APP/src/led_task.o
 .debug_line    0x00000654      0x1e8 APP/src/log_task.o
 .debug_line    0x0000083c      0x258 APP/src/main.o
 .debug_line    0x00000a94      0x1da APP/src/motor_task.o
 .debug_line    0x00000c6e      0x105 APP/src/spi_interrupt.o
 .debug_line    0x00000d73      0x2cd APP/src/terminal_main_menu.o
 .debug_line    0x00001040      0x431 APP/src/terminal_task.o
 .debug_line    0x00001471      0x351 APP/src/terminal_user_menu.o
 .debug_line    0x000017c2       0xd2 ECU/src/ecu_buzzer.o
 .debug_line    0x00001894       0x72 ECU/src/ecu_buzzer_Cfg.o
 .debug_line    0x00001906      0x1bf ECU/src/ecu_keypad.o
 .debug_line    0x00001ac5       0x72 ECU/src/ecu_keypad_Cfg.o
 .debug_line    0x00001b37      0x364 ECU/src/ecu_lcd.o
 .debug_line    0x00001e9b       0x6c ECU/src/ecu_lcd_Cfg.o
 .debug_line    0x00001f07       0xcc ECU/src/ecu_led.o
 .debug_line    0x00001fd3       0x6c ECU/src/ecu_led_Cfg.o
 .debug_line    0x0000203f      0x41c ECU/src/external_eeprom.o
 .debug_line    0x0000245b       0xdc ECU/src/motor_driver.o
 .debug_line    0x00002537       0xa6 ECU/src/motor_driver_Cfg.o
 .debug_line    0x000025dd      0x148 ECU/src/rtc.o
 .debug_line    0x00002725      0x141 MCAL/src/gpio.o
 .debug_line    0x00002866      0x2a4 MCAL/src/i2c.o
 .debug_line    0x00002b0a       0x64 MCAL/src/i2c_Cfg.o
 .debug_line    0x00002b6e      0x163 MCAL/src/pwm2.o
 .debug_line    0x00002cd1       0x66 MCAL/src/pwm2_Cfg.o
 .debug_line    0x00002d37      0x188 MCAL/src/spi.o
 .debug_line    0x00002ebf       0x4c MCAL/src/spi_Cfg.o
 .debug_line    0x00002f0b      0x1f9 MCAL/src/uart.o
 .debug_line    0x00003104       0x66 MCAL/src/uart_Cfg.o
 .debug_line    0x0000316a      0x1da SERVICE/src/heap_1.o
 .debug_line    0x00003344      0x173 SERVICE/src/list.o
 .debug_line    0x000034b7      0x1b8 SERVICE/src/port.o
 .debug_line    0x0000366f      0x53f SERVICE/src/queue.o
 .debug_line    0x00003bae      0x6ee SERVICE/src/tasks.o

.debug_frame    0x00000000     0x1b08
 *(.debug_frame)
 .debug_frame   0x00000000       0x54 APP/src/keypad_task.o
 .debug_frame   0x00000054       0x84 APP/src/lcd_task.o
 .debug_frame   0x000000d8       0x54 APP/src/led_task.o
 .debug_frame   0x0000012c       0x78 APP/src/log_task.o
 .debug_frame   0x000001a4       0x24 APP/src/main.o
 .debug_frame   0x000001c8       0x74 APP/src/motor_task.o
 .debug_frame   0x0000023c       0x24 APP/src/spi_interrupt.o
 .debug_frame   0x00000260       0xbc APP/src/terminal_main_menu.o
 .debug_frame   0x0000031c      0x170 APP/src/terminal_task.o
 .debug_frame   0x0000048c      0x130 APP/src/terminal_user_menu.o
 .debug_frame   0x000005bc       0x80 ECU/src/ecu_buzzer.o
 .debug_frame   0x0000063c       0x90 ECU/src/ecu_keypad.o
 .debug_frame   0x000006cc      0x100 ECU/src/ecu_lcd.o
 .debug_frame   0x000007cc       0x80 ECU/src/ecu_led.o
 .debug_frame   0x0000084c      0x380 ECU/src/external_eeprom.o
 .debug_frame   0x00000bcc       0x6c ECU/src/motor_driver.o
 .debug_frame   0x00000c38       0xd4 ECU/src/rtc.o
 .debug_frame   0x00000d0c       0x6c MCAL/src/gpio.o
 .debug_frame   0x00000d78      0x1e4 MCAL/src/i2c.o
 .debug_frame   0x00000f5c       0x70 MCAL/src/pwm2.o
 .debug_frame   0x00000fcc       0xbc MCAL/src/spi.o
 .debug_frame   0x00001088      0x1cc MCAL/src/uart.o
 .debug_frame   0x00001254       0x60 SERVICE/src/heap_1.o
 .debug_frame   0x000012b4       0x88 SERVICE/src/list.o
 .debug_frame   0x0000133c       0x74 SERVICE/src/port.o
 .debug_frame   0x000013b0      0x308 SERVICE/src/queue.o
 .debug_frame   0x000016b8      0x450 SERVICE/src/tasks.o

.debug_str      0x00000000     0x377b
 *(.debug_str)
 .debug_str     0x00000000      0x39e APP/src/keypad_task.o
                                0x3e2 (size before relaxing)
 .debug_str     0x0000039e      0x39d APP/src/lcd_task.o
                                0x65b (size before relaxing)
 .debug_str     0x0000073b      0x11e APP/src/led_task.o
                                0x39f (size before relaxing)
 .debug_str     0x00000859      0x194 APP/src/log_task.o
                                0x38b (size before relaxing)
 .debug_str     0x000009ed      0x638 APP/src/main.o
                                0x859 (size before relaxing)
 .debug_str     0x00001025      0x2cb APP/src/motor_task.o
                                0x5ab (size before relaxing)
 .debug_str     0x000012f0       0x5f APP/src/spi_interrupt.o
                                0x17b (size before relaxing)
 .debug_str     0x0000134f      0x236 APP/src/terminal_main_menu.o
                                0x73b (size before relaxing)
 .debug_str     0x00001585      0x49e APP/src/terminal_task.o
                                0x851 (size before relaxing)
 .debug_str     0x00001a23      0x438 APP/src/terminal_user_menu.o
                                0x77a (size before relaxing)
 .debug_str     0x00001e5b       0x65 ECU/src/ecu_buzzer.o
                                0x2ec (size before relaxing)
 .debug_str     0x00001ec0       0x1c ECU/src/ecu_buzzer_Cfg.o
                                0x201 (size before relaxing)
 .debug_str     0x00001edc       0x72 ECU/src/ecu_keypad.o
                                0x3f3 (size before relaxing)
 .debug_str     0x00001f4e       0x1c ECU/src/ecu_keypad_Cfg.o
                                0x282 (size before relaxing)
 .debug_str     0x00001f6a       0xcd ECU/src/ecu_lcd.o
                                0x3e8 (size before relaxing)
 .debug_str     0x00002037       0x42 ECU/src/ecu_lcd_Cfg.o
                                0x288 (size before relaxing)
 .debug_str     0x00002079       0x15 ECU/src/ecu_led.o
                                0x2db (size before relaxing)
 .debug_str     0x0000208e       0x19 ECU/src/ecu_led_Cfg.o
                                0x20c (size before relaxing)
 .debug_str     0x000020a7      0x323 ECU/src/external_eeprom.o
                                0x88c (size before relaxing)
 .debug_str     0x000023ca       0x59 ECU/src/motor_driver.o
                                0x50f (size before relaxing)
 .debug_str     0x00002423       0x29 ECU/src/motor_driver_Cfg.o
                                0x3db (size before relaxing)
 .debug_str     0x0000244c       0xe5 ECU/src/rtc.o
                                0x5d5 (size before relaxing)
 .debug_str     0x00002531       0x1e MCAL/src/gpio.o
                                0x293 (size before relaxing)
 .debug_str     0x0000254f      0x1df MCAL/src/i2c.o
                                0x57d (size before relaxing)
 .debug_str     0x0000272e       0x16 MCAL/src/i2c_Cfg.o
                                0x22d (size before relaxing)
 .debug_str     0x00002744       0x2f MCAL/src/pwm2.o
                                0x2bc (size before relaxing)
 .debug_str     0x00002773       0x17 MCAL/src/pwm2_Cfg.o
                                0x269 (size before relaxing)
 .debug_str     0x0000278a       0x64 MCAL/src/spi.o
                                0x33e (size before relaxing)
 .debug_str     0x000027ee       0x16 MCAL/src/spi_Cfg.o
                                0x2dd (size before relaxing)
 .debug_str     0x00002804       0xb9 MCAL/src/uart.o
                                0x3e3 (size before relaxing)
 .debug_str     0x000028bd       0x17 MCAL/src/uart_Cfg.o
                                0x2e3 (size before relaxing)
 .debug_str     0x000028d4       0xb9 SERVICE/src/heap_1.o
                                0x1b0 (size before relaxing)
 .debug_str     0x0000298d      0x133 SERVICE/src/list.o
                                0x234 (size before relaxing)
 .debug_str     0x00002ac0      0x106 SERVICE/src/port.o
                                0x22d (size before relaxing)
 .debug_str     0x00002bc6      0x4d6 SERVICE/src/queue.o
                                0x794 (size before relaxing)
 .debug_str     0x0000309c      0x6df SERVICE/src/tasks.o
                                0xb5f (size before relaxing)

.debug_loc      0x00000000     0x8459
 *(.debug_loc)
 .debug_loc     0x00000000       0x98 APP/src/keypad_task.o
 .debug_loc     0x00000098      0x19e APP/src/lcd_task.o
 .debug_loc     0x00000236       0xb6 APP/src/led_task.o
 .debug_loc     0x000002ec      0x10b APP/src/log_task.o
 .debug_loc     0x000003f7       0x8f APP/src/main.o
 .debug_loc     0x00000486       0x81 APP/src/motor_task.o
 .debug_loc     0x00000507       0x1f APP/src/spi_interrupt.o
 .debug_loc     0x00000526      0x568 APP/src/terminal_main_menu.o
 .debug_loc     0x00000a8e      0x627 APP/src/terminal_task.o
 .debug_loc     0x000010b5      0x62e APP/src/terminal_user_menu.o
 .debug_loc     0x000016e3      0x175 ECU/src/ecu_buzzer.o
 .debug_loc     0x00001858      0x428 ECU/src/ecu_keypad.o
 .debug_loc     0x00001c80      0x42f ECU/src/ecu_lcd.o
 .debug_loc     0x000020af      0x175 ECU/src/ecu_led.o
 .debug_loc     0x00002224      0xf85 ECU/src/external_eeprom.o
 .debug_loc     0x000031a9      0x20b ECU/src/motor_driver.o
 .debug_loc     0x000033b4      0x4f9 ECU/src/rtc.o
 .debug_loc     0x000038ad      0x1f0 MCAL/src/gpio.o
 .debug_loc     0x00003a9d      0x9d5 MCAL/src/i2c.o
 .debug_loc     0x00004472      0x156 MCAL/src/pwm2.o
 .debug_loc     0x000045c8      0x112 MCAL/src/spi.o
 .debug_loc     0x000046da      0x727 MCAL/src/uart.o
 .debug_loc     0x00004e01       0xe1 SERVICE/src/heap_1.o
 .debug_loc     0x00004ee2      0x151 SERVICE/src/list.o
 .debug_loc     0x00005033      0x4dc SERVICE/src/port.o
 .debug_loc     0x0000550f     0x161d SERVICE/src/queue.o
 .debug_loc     0x00006b2c     0x192d SERVICE/src/tasks.o

.debug_macinfo
 *(.debug_macinfo)

.debug_pubtypes
 *(.debug_pubtypes)

.debug_ranges   0x00000000      0x928
 *(.debug_ranges)
 .debug_ranges  0x00000000       0x20 APP/src/keypad_task.o
 .debug_ranges  0x00000020       0x38 APP/src/lcd_task.o
 .debug_ranges  0x00000058       0x20 APP/src/led_task.o
 .debug_ranges  0x00000078       0x28 APP/src/log_task.o
 .debug_ranges  0x000000a0       0x10 APP/src/main.o
 .debug_ranges  0x000000b0       0x30 APP/src/motor_task.o
 .debug_ranges  0x000000e0       0x10 APP/src/spi_interrupt.o
 .debug_ranges  0x000000f0       0x28 APP/src/terminal_main_menu.o
 .debug_ranges  0x00000118      0x140 APP/src/terminal_task.o
 .debug_ranges  0x00000258       0x30 APP/src/terminal_user_menu.o
 .debug_ranges  0x00000288       0x28 ECU/src/ecu_buzzer.o
 .debug_ranges  0x000002b0       0x20 ECU/src/ecu_keypad.o
 .debug_ranges  0x000002d0       0x60 ECU/src/ecu_lcd.o
 .debug_ranges  0x00000330       0x28 ECU/src/ecu_led.o
 .debug_ranges  0x00000358       0xa8 ECU/src/external_eeprom.o
 .debug_ranges  0x00000400       0x18 ECU/src/motor_driver.o
 .debug_ranges  0x00000418       0x38 ECU/src/rtc.o
 .debug_ranges  0x00000450       0x20 MCAL/src/gpio.o
 .debug_ranges  0x00000470       0x70 MCAL/src/i2c.o
 .debug_ranges  0x000004e0       0x30 MCAL/src/pwm2.o
 .debug_ranges  0x00000510       0x38 MCAL/src/spi.o
 .debug_ranges  0x00000548       0x70 MCAL/src/uart.o
 .debug_ranges  0x000005b8       0x28 SERVICE/src/heap_1.o
 .debug_ranges  0x000005e0       0x30 SERVICE/src/list.o
 .debug_ranges  0x00000610       0x38 SERVICE/src/port.o
 .debug_ranges  0x00000648      0x158 SERVICE/src/queue.o
 .debug_ranges  0x000007a0      0x188 SERVICE/src/tasks.o

.debug_macro
 *(.debug_macro)
OUTPUT(garage_project.elf elf32-avr)
LOAD linker stubs
